Level 0:
Key: NH2SXQwcBdpmTEzi3bvBHMM9H66vVXjL
Code steps:
ssh bandit0@bandit.labs.overthewire.org -p 2220
bandit0@bandit:~$ cat readme
NH2SXQwcBdpmTEzi3bvBHMM9H66vVXjL

Level 1:
bandit1@bandit:~$ cat ./-
rRGizSaX8Mk1RTb1CNQoXTcYZWU6lgzi

Level 2:
bandit2@bandit:~$ cat spaces\ in\ this\ filename 
Key: aBZ0W5EmUfAf7kHTQeOwd8bauFJ2lAiG

Level 3:
bandit3@bandit:~$ ls
inhere
bandit3@bandit:~$ cd inhere/
bandit3@bandit:~/inhere$ la
.hidden
bandit3@bandit:~/inhere$ cat .hidden
Key: 2EW7BBsr6aMMoJ2HjW067dm8EgX26xNe

Level 4:
bandit4@bandit:~/inhere$ file ./*
bandit4@bandit:~/inhere$ cat ./-file07
Key: lrIWWI6bB37kxfiCQZqUdOIYfr6eEeqR 

Level 5:
bandit5@bandit:~/inhere$ man find
bandit5@bandit:~/inhere$ find . -size 1033c
./maybehere07/.file2
bandit5@bandit:~/inhere$ cat ./maybehere07/.file2
Key: P4L4vucdmLnm8I7Vl7jG1ApGSfjYKqJU

Level 6:
bandit6@bandit:~$ cd ../..
bandit6@bandit:/$ find . -group bandit6 -user bandit7 -size 33c 2>/dev/null
./var/lib/dpkg/info/bandit7.password
bandit6@bandit:/$ cat ./var/lib/dpkg/info/bandit7.password
Key: z7WtoNQU2XfjmMtWA8u5rN4vzqu4v99S

Level 7
bandit7@bandit:~$ ls
data.txt
bandit7@bandit:~$ cat data.txt | grep millionth
millionth	TESKZC0XvTetK0S9xNwm25STk5iWrBvP
Key: TESKZC0XvTetK0S9xNwm25STk5iWrBvP

Level 8:
bandit8@bandit:~$ cd
bandit8@bandit:~$ cat data.txt | sort | uniq --unique
Key: EN632PlfYiZbn3PhVK3XOGSlNInNE00t

Level 9:
bandit9@bandit:~$ strings data.txt | grep ==
c========== the
h;========== password
========== isT
n.E========== G7w8LIi6J3kTb8A7j9LgrywtEUlyyp6s
Key: G7w8LIi6J3kTb8A7j9LgrywtEUlyyp6s

Level 10:
bandit10@bandit:~$ cat data.txt 
VGhlIHBhc3N3b3JkIGlzIDZ6UGV6aUxkUjJSS05kTllGTmI2blZDS3pwaGxYSEJNCg==
bandit10@bandit:~$ man base64
bandit10@bandit:~$ base64 -d data.txt 
The password is 6zPeziLdR2RKNdNYFNb6nVCKzphlXHBM
Key: 6zPeziLdR2RKNdNYFNb6nVCKzphlXHBM

Level 11:
bandit11@bandit:~$ cat data.txt | tr ABCDEFGHIJKLMNOPQRSTUVWXYZabcdefghijklmnopqrstuvwxyz NOPQRSTUVWXYZABCDEFGHIJKLMnopqrstuvwxyzabcdefghijklm
The password is JVNBBFSmZwKKOP0XbFXOoW8chDz5yVRv
Key: JVNBBFSmZwKKOP0XbFXOoW8chDz5yVRv

Level 12:
bandit12@bandit:/tmp/andrewe$ mv data2.bzip data2.bz2
bandit12@bandit:/tmp/andrewe$ bunzip2 data2.bz2 
bandit12@bandit:/tmp/andrewe$ ls
data2  data.txt  dehex
bandit12@bandit:/tmp/andrewe$ file data2
data2: gzip compressed data, was "data4.bin", last modified: Wed Jan 11 19:18:38 2023, max compression, from Unix, original size modulo 2^32 20480
bandit12@bandit:/tmp/andrewe$ gzip -d data2
gzip: data2: unknown suffix -- ignored
bandit12@bandit:/tmp/andrewe$ mv data2 data2.gz
bandit12@bandit:/tmp/andrewe$ gzip -d data2.gz
bandit12@bandit:/tmp/andrewe$ ls
data2  data.txt  dehex
bandit12@bandit:/tmp/andrewe$ file data2
data2: POSIX tar archive (GNU)
bandit12@bandit:/tmp/andrewe$ man tar
bandit12@bandit:/tmp/andrewe$ ls
data2  data.txt  dehex
bandit12@bandit:/tmp/andrewe$ tar -xf data2
bandit12@bandit:/tmp/andrewe$ ls
data2  data5.bin  data.txt  dehex
bandit12@bandit:/tmp/andrewe$ file data5.bin
data5.bin: POSIX tar archive (GNU)
bandit12@bandit:/tmp/andrewe$ tar -xf data5.bin
bandit12@bandit:/tmp/andrewe$ ls
data2  data5.bin  data6.bin  data.txt  dehex
bandit12@bandit:/tmp/andrewe$ ls
data2  data5.bin  data6.bin  data.txt  dehex
bandit12@bandit:/tmp/andrewe$ file data6.bin 
data6.bin: bzip2 compressed data, block size = 900k
bandit12@bandit:/tmp/andrewe$ mv data6.bin data6.bz2
bandit12@bandit:/tmp/andrewe$ bunzip2 data6.bz2 
bandit12@bandit:/tmp/andrewe$ ls
data2  data5.bin  data6  data.txt  dehex
bandit12@bandit:/tmp/andrewe$ file data6 
data6: POSIX tar archive (GNU)
bandit12@bandit:/tmp/andrewe$ tar -xf data6
bandit12@bandit:/tmp/andrewe$ ls
data2  data5.bin  data6  data8.bin  data.txt  dehex
bandit12@bandit:/tmp/andrewe$ file data8.bin 
data8.bin: gzip compressed data, was "data9.bin", last modified: Wed Jan 11 19:18:38 2023, max compression, from Unix, original size modulo 2^32 49
bandit12@bandit:/tmp/andrewe$ mv data8.bin data8.gz
bandit12@bandit:/tmp/andrewe$ gunzip data8.gz 
bandit12@bandit:/tmp/andrewe$ ls
data2  data5.bin  data6  data8  data.txt  dehex
bandit12@bandit:/tmp/andrewe$ file data8
data8: ASCII text
bandit12@bandit:/tmp/andrewe$ cat data8
The password is wbWdlBxEir4CaE8LaPhauuOo6pwRmrDw
Key: wbWdlBxEir4CaE8LaPhauuOo6pwRmrDw


******* EXTRA CREDIT *********

Level 13:
bandit13@bandit:~$ ssh bandit14@bandit.labs.overthewire.org -p 2220 -i sshkey.private 
bandit14@bandit:~$ cat /etc/bandit_pass/bandit14
fGrHPx402xGC7U7rXKDaxiWFTOiF0ENq
Key: fGrHPx402xGC7U7rXKDaxiWFTOiF0ENq

Level 14:
bandit14@bandit:~$ telnet 127.0.0.1 30000
Trying 127.0.0.1...
Connected to 127.0.0.1.
Escape character is '^]'.
fGrHPx402xGC7U7rXKDaxiWFTOiF0ENq
Correct!
jN2kgmIXJ6fShzhT2avhotn4Zcka6tnt

Connection closed by foreign host.
Key: jN2kgmIXJ6fShzhT2avhotn4Zcka6tnt


Level 15:
bandit14@bandit:~$ openssl s_client 127.0.0.1:30001
---
read R BLOCK
jN2kgmIXJ6fShzhT2avhotn4Zcka6tnt
Correct!
JQttfApK4SeyHwDlI9SXGR50qclOAil1

closed
Key: JQttfApK4SeyHwDlI9SXGR50qclOAil1

Level 16:
bandit14@bandit:~$ nmap -p 31000-32000 127.0.0.1
Starting Nmap 7.80 ( https://nmap.org ) at 2023-02-04 23:35 UTC
Nmap scan report for localhost (127.0.0.1)
Host is up (0.00011s latency).
Not shown: 996 closed ports
PORT      STATE SERVICE
31046/tcp open  unknown
31518/tcp open  unknown
31691/tcp open  unknown
31790/tcp open  unknown
31960/tcp open  unknown

openssl s_client 127.0.0.1:31046
CONNECTED(00000003)
803B8AF7FF7F0000:error:0A0000F4:SSL routines:ossl_statem_client_read_transition:unexpected message:../ssl/statem/statem_clnt.c:398:
---
no peer certificate available
---
No client certificate CA names sent
---
SSL handshake has read 293 bytes and written 300 bytes
Verification: OK
---
New, (NONE), Cipher is (NONE)
Secure Renegotiation IS NOT supported
Compression: NONE
Expansion: NONE
No ALPN negotiated
Early data was not sent
Verify return code: 0 (ok)
---


bandit14@bandit:~$ openssl s_client 127.0.0.1:31518
---
read R BLOCK
JQttfApK4SeyHwDlI9SXGR50qclOAil1
JQttfApK4SeyHwDlI9SXGR50qclOAil1

bandit14@bandit:~$ openssl s_client 127.0.0.1:31691
---
New, (NONE), Cipher is (NONE)
Secure Renegotiation IS NOT supported
Compression: NONE
Expansion: NONE
No ALPN negotiated
Early data was not sent
Verify return code: 0 (ok)
---

bandit14@bandit:~$ openssl s_client 127.0.0.1:31790
read R BLOCK
JQttfApK4SeyHwDlI9SXGR50qclOAil1
Correct!
-----BEGIN RSA PRIVATE KEY-----
MIIEogIBAAKCAQEAvmOkuifmMg6HL2YPIOjon6iWfbp7c3jx34YkYWqUH57SUdyJ
imZzeyGC0gtZPGujUSxiJSWI/oTqexh+cAMTSMlOJf7+BrJObArnxd9Y7YT2bRPQ
Ja6Lzb558YW3FZl87ORiO+rW4LCDCNd2lUvLE/GL2GWyuKN0K5iCd5TbtJzEkQTu
DSt2mcNn4rhAL+JFr56o4T6z8WWAW18BR6yGrMq7Q/kALHYW3OekePQAzL0VUYbW
JGTi65CxbCnzc/w4+mqQyvmzpWtMAzJTzAzQxNbkR2MBGySxDLrjg0LWN6sK7wNX
x0YVztz/zbIkPjfkU1jHS+9EbVNj+D1XFOJuaQIDAQABAoIBABagpxpM1aoLWfvD
KHcj10nqcoBc4oE11aFYQwik7xfW+24pRNuDE6SFthOar69jp5RlLwD1NhPx3iBl
J9nOM8OJ0VToum43UOS8YxF8WwhXriYGnc1sskbwpXOUDc9uX4+UESzH22P29ovd
d8WErY0gPxun8pbJLmxkAtWNhpMvfe0050vk9TL5wqbu9AlbssgTcCXkMQnPw9nC
YNN6DDP2lbcBrvgT9YCNL6C+ZKufD52yOQ9qOkwFTEQpjtF4uNtJom+asvlpmS8A
vLY9r60wYSvmZhNqBUrj7lyCtXMIu1kkd4w7F77k+DjHoAXyxcUp1DGL51sOmama
+TOWWgECgYEA8JtPxP0GRJ+IQkX262jM3dEIkza8ky5moIwUqYdsx0NxHgRRhORT
8c8hAuRBb2G82so8vUHk/fur85OEfc9TncnCY2crpoqsghifKLxrLgtT+qDpfZnx
SatLdt8GfQ85yA7hnWWJ2MxF3NaeSDm75Lsm+tBbAiyc9P2jGRNtMSkCgYEAypHd
HCctNi/FwjulhttFx/rHYKhLidZDFYeiE/v45bN4yFm8x7R/b0iE7KaszX+Exdvt
SghaTdcG0Knyw1bpJVyusavPzpaJMjdJ6tcFhVAbAjm7enCIvGCSx+X3l5SiWg0A
R57hJglezIiVjv3aGwHwvlZvtszK6zV6oXFAu0ECgYAbjo46T4hyP5tJi93V5HDi
Ttiek7xRVxUl+iU7rWkGAXFpMLFteQEsRr7PJ/lemmEY5eTDAFMLy9FL2m9oQWCg
R8VdwSk8r9FGLS+9aKcV5PI/WEKlwgXinB3OhYimtiG2Cg5JCqIZFHxD6MjEGOiu
L8ktHMPvodBwNsSBULpG0QKBgBAplTfC1HOnWiMGOU3KPwYWt0O6CdTkmJOmL8Ni
blh9elyZ9FsGxsgtRBXRsqXuz7wtsQAgLHxbdLq/ZJQ7YfzOKU4ZxEnabvXnvWkU
YOdjHdSOoKvDQNWu6ucyLRAWFuISeXw9a/9p7ftpxm0TSgyvmfLF2MIAEwyzRqaM
77pBAoGAMmjmIJdjp+Ez8duyn3ieo36yrttF5NSsJLAbxFpdlc1gvtGCWW+9Cq0b
dxviW8+TFVEBl1O4f7HVm6EpTscdDxU+bCXWkfjuRb7Dy9GOtt9JPsX8MBTakzh3
vBgsyi/sN3RqRBcGU40fOoZyfAMT8s1m/uYv52O6IgeuZ/ujbjY=
-----END RSA PRIVATE KEY-----

closed

**I then copied this RSA key to clipboard and pasted it in lvl17.key in my mac**
** Then I changed permissions of file so it would accept the key after failing**
chmod 400 lvl17.key
ssh bandit17@bandit.labs.overthewire.org -p 2220 -i lvl17.key


******* EXTRA CREDIT DONE, DID A COUPLE BONUS PROBLEMS*********

Level 17:

bandit17@bandit:~$ diff passwords.old passwords.new
42c42
< 810zq8IK64u5A9Lb2ibdTGBtlcSZsoe8
---
> hga5tuuCLF6fFzUpnagiMN8ssu9LFrdg

Key: hga5tuuCLF6fFzUpnagiMN8ssu9LFrdg

Level 18:
➜  bandit-game git:(main) ✗ ssh bandit18@bandit.labs.overthewire.org -p 2220 ls    
                         _                     _ _ _   
                        | |__   __ _ _ __   __| (_) |_ 
                        | '_ \ / _` | '_ \ / _` | | __|
                        | |_) | (_| | | | | (_| | | |_ 
                        |_.__/ \__,_|_| |_|\__,_|_|\__|
                                                       

                      This is an OverTheWire game server. 
            More information on http://www.overthewire.org/wargames

bandit18@bandit.labs.overthewire.org's password: 
readme
➜  bandit-game git:(main) ✗ ssh bandit18@bandit.labs.overthewire.org -p 2220 cat readme 
                         _                     _ _ _   
                        | |__   __ _ _ __   __| (_) |_ 
                        | '_ \ / _` | '_ \ / _` | | __|
                        | |_) | (_| | | | | (_| | | |_ 
                        |_.__/ \__,_|_| |_|\__,_|_|\__|
                                                       

                      This is an OverTheWire game server. 
            More information on http://www.overthewire.org/wargames

bandit18@bandit.labs.overthewire.org's password: 
awhqfNnAbc1naukrpqDYcF95h7HoMTrC

Key: awhqfNnAbc1naukrpqDYcF95h7HoMTrC

